Archive member included to satisfy reference by file (symbol)

/usr/lib/gcc/avr/4.9.2/avr51/libgcc.a(_udivmodsi4.o)
                              ./src/actuators.o (__udivmodsi4)
/usr/lib/gcc/avr/4.9.2/avr51/libgcc.a(_exit.o)
                              /usr/lib/gcc/avr/4.9.2/../../../avr/lib/avr51/crtat90can128.o (exit)
/usr/lib/gcc/avr/4.9.2/avr51/libgcc.a(_copy_data.o)
                              ./src/blueside.o (__do_copy_data)
/usr/lib/gcc/avr/4.9.2/avr51/libgcc.a(_clear_bss.o)
                              ./src/actuators.o (__do_clear_bss)
/usr/lib/gcc/avr/4.9.2/avr51/libgcc.a(_muluhisi3.o)
                              ./src/actuators.o (__muluhisi3)
/usr/lib/gcc/avr/4.9.2/avr51/libgcc.a(_umulhisi3.o)
                              /usr/lib/gcc/avr/4.9.2/avr51/libgcc.a(_muluhisi3.o) (__umulhisi3)
/usr/lib/gcc/avr/4.9.2/../../../avr/lib/avr51/libm.a(addsf3.o)
                              ./src/actuators.o (__subsf3)
/usr/lib/gcc/avr/4.9.2/../../../avr/lib/avr51/libm.a(addsf3x.o)
                              /usr/lib/gcc/avr/4.9.2/../../../avr/lib/avr51/libm.a(addsf3.o) (__addsf3x)
/usr/lib/gcc/avr/4.9.2/../../../avr/lib/avr51/libm.a(cmpsf2.o)
                              ./src/actuators.o (__ltsf2)
/usr/lib/gcc/avr/4.9.2/../../../avr/lib/avr51/libm.a(divsf3.o)
                              ./src/actuators.o (__divsf3)
/usr/lib/gcc/avr/4.9.2/../../../avr/lib/avr51/libm.a(divsf3x.o)
                              /usr/lib/gcc/avr/4.9.2/../../../avr/lib/avr51/libm.a(divsf3.o) (__divsf3x)
/usr/lib/gcc/avr/4.9.2/../../../avr/lib/avr51/libm.a(fixsfsi.o)
                              ./src/actuators.o (__fixsfsi)
/usr/lib/gcc/avr/4.9.2/../../../avr/lib/avr51/libm.a(fixunssfsi.o)
                              ./src/actuators.o (__fixunssfsi)
/usr/lib/gcc/avr/4.9.2/../../../avr/lib/avr51/libm.a(floatsisf.o)
                              ./src/actuators.o (__floatunsisf)
/usr/lib/gcc/avr/4.9.2/../../../avr/lib/avr51/libm.a(fp_cmp.o)
                              /usr/lib/gcc/avr/4.9.2/../../../avr/lib/avr51/libm.a(cmpsf2.o) (__fp_cmp)
/usr/lib/gcc/avr/4.9.2/../../../avr/lib/avr51/libm.a(fp_inf.o)
                              /usr/lib/gcc/avr/4.9.2/../../../avr/lib/avr51/libm.a(addsf3x.o) (__fp_inf)
/usr/lib/gcc/avr/4.9.2/../../../avr/lib/avr51/libm.a(fp_nan.o)
                              /usr/lib/gcc/avr/4.9.2/../../../avr/lib/avr51/libm.a(addsf3x.o) (__fp_nan)
/usr/lib/gcc/avr/4.9.2/../../../avr/lib/avr51/libm.a(fp_pscA.o)
                              /usr/lib/gcc/avr/4.9.2/../../../avr/lib/avr51/libm.a(addsf3x.o) (__fp_pscA)
/usr/lib/gcc/avr/4.9.2/../../../avr/lib/avr51/libm.a(fp_pscB.o)
                              /usr/lib/gcc/avr/4.9.2/../../../avr/lib/avr51/libm.a(addsf3x.o) (__fp_pscB)
/usr/lib/gcc/avr/4.9.2/../../../avr/lib/avr51/libm.a(fp_round.o)
                              /usr/lib/gcc/avr/4.9.2/../../../avr/lib/avr51/libm.a(addsf3.o) (__fp_round)
/usr/lib/gcc/avr/4.9.2/../../../avr/lib/avr51/libm.a(fp_split3.o)
                              /usr/lib/gcc/avr/4.9.2/../../../avr/lib/avr51/libm.a(addsf3x.o) (__fp_split3)
/usr/lib/gcc/avr/4.9.2/../../../avr/lib/avr51/libm.a(fp_zero.o)
                              /usr/lib/gcc/avr/4.9.2/../../../avr/lib/avr51/libm.a(addsf3x.o) (__fp_zero)
/usr/lib/gcc/avr/4.9.2/../../../avr/lib/avr51/libm.a(gesf2.o)
                              ./src/actuators.o (__gtsf2)
/usr/lib/gcc/avr/4.9.2/../../../avr/lib/avr51/libm.a(mulsf3.o)
                              ./src/actuators.o (__mulsf3)
/usr/lib/gcc/avr/4.9.2/../../../avr/lib/avr51/libm.a(mulsf3x.o)
                              /usr/lib/gcc/avr/4.9.2/../../../avr/lib/avr51/libm.a(mulsf3.o) (__mulsf3x)
/usr/lib/gcc/avr/4.9.2/../../../avr/lib/avr51/libc.a(calloc.o)
                              ./src/can.o (calloc)
/usr/lib/gcc/avr/4.9.2/../../../avr/lib/avr51/libc.a(malloc.o)
                              ./src/gpio.o (malloc)
/usr/lib/gcc/avr/4.9.2/../../../avr/lib/avr51/libc.a(memset.o)
                              /usr/lib/gcc/avr/4.9.2/../../../avr/lib/avr51/libc.a(calloc.o) (memset)

Allocating common symbols
Common symbol       size              file

restartCheck        0x1               ./src/actuators.o
active_state        0x2               ./src/actuators.o
__brkval            0x2               /usr/lib/gcc/avr/4.9.2/../../../avr/lib/avr51/libc.a(malloc.o)
__flp               0x2               /usr/lib/gcc/avr/4.9.2/../../../avr/lib/avr51/libc.a(malloc.o)
stateRobot          0x1               ./src/actuators.o

Memory Configuration

Name             Origin             Length             Attributes
text             0x0000000000000000 0x0000000000020000 xr
data             0x0000000000800100 0x000000000000ff00 rw !x
eeprom           0x0000000000810000 0x0000000000010000 rw !x
fuse             0x0000000000820000 0x0000000000000400 rw !x
lock             0x0000000000830000 0x0000000000000400 rw !x
signature        0x0000000000840000 0x0000000000000400 rw !x
user_signatures  0x0000000000850000 0x0000000000000400 rw !x
*default*        0x0000000000000000 0xffffffffffffffff

Linker script and memory map

Address of section .data set to 0x800100
LOAD /usr/lib/gcc/avr/4.9.2/../../../avr/lib/avr51/crtat90can128.o
LOAD ./src/actuators.o
LOAD ./src/blueside.o
LOAD ./src/can.o
LOAD ./src/gpio.o
LOAD ./src/odometry.o
LOAD ./src/system.o
LOAD ./src/uart.o
LOAD ./src/yellowside.o
LOAD ./main.o
START GROUP
LOAD /usr/lib/gcc/avr/4.9.2/avr51/libgcc.a
LOAD /usr/lib/gcc/avr/4.9.2/../../../avr/lib/avr51/libm.a
LOAD /usr/lib/gcc/avr/4.9.2/../../../avr/lib/avr51/libc.a
LOAD /usr/lib/gcc/avr/4.9.2/../../../avr/lib/avr51/libat90can128.a
END GROUP

.hash
 *(.hash)

.dynsym
 *(.dynsym)

.dynstr
 *(.dynstr)

.gnu.version
 *(.gnu.version)

.gnu.version_d
 *(.gnu.version_d)

.gnu.version_r
 *(.gnu.version_r)

.rel.init
 *(.rel.init)

.rela.init
 *(.rela.init)

.rel.text
 *(.rel.text)
 *(.rel.text.*)
 *(.rel.gnu.linkonce.t*)

.rela.text
 *(.rela.text)
 *(.rela.text.*)
 *(.rela.gnu.linkonce.t*)

.rel.fini
 *(.rel.fini)

.rela.fini
 *(.rela.fini)

.rel.rodata
 *(.rel.rodata)
 *(.rel.rodata.*)
 *(.rel.gnu.linkonce.r*)

.rela.rodata
 *(.rela.rodata)
 *(.rela.rodata.*)
 *(.rela.gnu.linkonce.r*)

.rel.data
 *(.rel.data)
 *(.rel.data.*)
 *(.rel.gnu.linkonce.d*)

.rela.data
 *(.rela.data)
 *(.rela.data.*)
 *(.rela.gnu.linkonce.d*)

.rel.ctors
 *(.rel.ctors)

.rela.ctors
 *(.rela.ctors)

.rel.dtors
 *(.rel.dtors)

.rela.dtors
 *(.rela.dtors)

.rel.got
 *(.rel.got)

.rela.got
 *(.rela.got)

.rel.bss
 *(.rel.bss)

.rela.bss
 *(.rela.bss)

.rel.plt
 *(.rel.plt)

.rela.plt
 *(.rela.plt)

.text           0x0000000000000000     0x43ce
 *(.vectors)
 .vectors       0x0000000000000000       0x94 /usr/lib/gcc/avr/4.9.2/../../../avr/lib/avr51/crtat90can128.o
                0x0000000000000000                __vectors
                0x0000000000000000                __vector_default
 *(.vectors)
 *(.progmem.gcc*)
                0x0000000000000094                . = ALIGN (0x2)
                0x0000000000000094                __trampolines_start = .
 *(.trampolines)
 .trampolines   0x0000000000000094        0x0 linker stubs
 *(.trampolines*)
                0x0000000000000094                __trampolines_end = .
 *(.progmem*)
                0x0000000000000094                . = ALIGN (0x2)
 *(.jumptables)
 *(.jumptables*)
 *(.lowtext)
 *(.lowtext*)
                0x0000000000000094                __ctors_start = .
 *(.ctors)
                0x0000000000000094                __ctors_end = .
                0x0000000000000094                __dtors_start = .
 *(.dtors)
                0x0000000000000094                __dtors_end = .
 SORT(*)(.ctors)
 SORT(*)(.dtors)
 *(.init0)
 .init0         0x0000000000000094        0x0 /usr/lib/gcc/avr/4.9.2/../../../avr/lib/avr51/crtat90can128.o
                0x0000000000000094                __init
 *(.init0)
 *(.init1)
 *(.init1)
 *(.init2)
 .init2         0x0000000000000094        0xc /usr/lib/gcc/avr/4.9.2/../../../avr/lib/avr51/crtat90can128.o
 *(.init2)
 *(.init3)
 *(.init3)
 *(.init4)
 .init4         0x00000000000000a0       0x1a /usr/lib/gcc/avr/4.9.2/avr51/libgcc.a(_copy_data.o)
                0x00000000000000a0                __do_copy_data
 .init4         0x00000000000000ba       0x10 /usr/lib/gcc/avr/4.9.2/avr51/libgcc.a(_clear_bss.o)
                0x00000000000000ba                __do_clear_bss
 *(.init4)
 *(.init5)
 *(.init5)
 *(.init6)
 *(.init6)
 *(.init7)
 *(.init7)
 *(.init8)
 *(.init8)
 *(.init9)
 .init9         0x00000000000000ca        0x8 /usr/lib/gcc/avr/4.9.2/../../../avr/lib/avr51/crtat90can128.o
 *(.init9)
 *(.text)
 .text          0x00000000000000d2        0x4 /usr/lib/gcc/avr/4.9.2/../../../avr/lib/avr51/crtat90can128.o
                0x00000000000000d2                __vector_22
                0x00000000000000d2                __vector_28
                0x00000000000000d2                __vector_1
                0x00000000000000d2                __vector_24
                0x00000000000000d2                __bad_interrupt
                0x00000000000000d2                __vector_6
                0x00000000000000d2                __vector_31
                0x00000000000000d2                __vector_35
                0x00000000000000d2                __vector_3
                0x00000000000000d2                __vector_30
                0x00000000000000d2                __vector_25
                0x00000000000000d2                __vector_11
                0x00000000000000d2                __vector_13
                0x00000000000000d2                __vector_17
                0x00000000000000d2                __vector_19
                0x00000000000000d2                __vector_7
                0x00000000000000d2                __vector_27
                0x00000000000000d2                __vector_5
                0x00000000000000d2                __vector_33
                0x00000000000000d2                __vector_4
                0x00000000000000d2                __vector_9
                0x00000000000000d2                __vector_2
                0x00000000000000d2                __vector_15
                0x00000000000000d2                __vector_36
                0x00000000000000d2                __vector_29
                0x00000000000000d2                __vector_8
                0x00000000000000d2                __vector_26
                0x00000000000000d2                __vector_14
                0x00000000000000d2                __vector_16
                0x00000000000000d2                __vector_20
 .text          0x00000000000000d6        0x0 ./src/actuators.o
 .text          0x00000000000000d6        0x0 ./src/blueside.o
 .text          0x00000000000000d6        0x0 ./src/can.o
 .text          0x00000000000000d6        0x0 ./src/gpio.o
 .text          0x00000000000000d6        0x0 ./src/odometry.o
 .text          0x00000000000000d6        0x0 ./src/system.o
 .text          0x00000000000000d6        0x0 ./src/uart.o
 .text          0x00000000000000d6        0x0 ./src/yellowside.o
 .text          0x00000000000000d6        0x0 ./main.o
 .text          0x00000000000000d6        0x0 /usr/lib/gcc/avr/4.9.2/avr51/libgcc.a(_udivmodsi4.o)
 .text          0x00000000000000d6        0x0 /usr/lib/gcc/avr/4.9.2/avr51/libgcc.a(_exit.o)
 .text          0x00000000000000d6        0x0 /usr/lib/gcc/avr/4.9.2/avr51/libgcc.a(_copy_data.o)
 .text          0x00000000000000d6        0x0 /usr/lib/gcc/avr/4.9.2/avr51/libgcc.a(_clear_bss.o)
 .text          0x00000000000000d6        0x0 /usr/lib/gcc/avr/4.9.2/avr51/libgcc.a(_muluhisi3.o)
 .text          0x00000000000000d6        0x0 /usr/lib/gcc/avr/4.9.2/avr51/libgcc.a(_umulhisi3.o)
 .text          0x00000000000000d6        0x0 /usr/lib/gcc/avr/4.9.2/../../../avr/lib/avr51/libm.a(addsf3.o)
 .text          0x00000000000000d6        0x0 /usr/lib/gcc/avr/4.9.2/../../../avr/lib/avr51/libm.a(addsf3x.o)
 .text          0x00000000000000d6        0x0 /usr/lib/gcc/avr/4.9.2/../../../avr/lib/avr51/libm.a(cmpsf2.o)
 .text          0x00000000000000d6        0x0 /usr/lib/gcc/avr/4.9.2/../../../avr/lib/avr51/libm.a(divsf3.o)
 .text          0x00000000000000d6        0x0 /usr/lib/gcc/avr/4.9.2/../../../avr/lib/avr51/libm.a(divsf3x.o)
 .text          0x00000000000000d6        0x0 /usr/lib/gcc/avr/4.9.2/../../../avr/lib/avr51/libm.a(fixsfsi.o)
 .text          0x00000000000000d6        0x0 /usr/lib/gcc/avr/4.9.2/../../../avr/lib/avr51/libm.a(fixunssfsi.o)
 .text          0x00000000000000d6        0x0 /usr/lib/gcc/avr/4.9.2/../../../avr/lib/avr51/libm.a(floatsisf.o)
 .text          0x00000000000000d6        0x0 /usr/lib/gcc/avr/4.9.2/../../../avr/lib/avr51/libm.a(fp_cmp.o)
 .text          0x00000000000000d6        0x0 /usr/lib/gcc/avr/4.9.2/../../../avr/lib/avr51/libm.a(fp_inf.o)
 .text          0x00000000000000d6        0x0 /usr/lib/gcc/avr/4.9.2/../../../avr/lib/avr51/libm.a(fp_nan.o)
 .text          0x00000000000000d6        0x0 /usr/lib/gcc/avr/4.9.2/../../../avr/lib/avr51/libm.a(fp_pscA.o)
 .text          0x00000000000000d6        0x0 /usr/lib/gcc/avr/4.9.2/../../../avr/lib/avr51/libm.a(fp_pscB.o)
 .text          0x00000000000000d6        0x0 /usr/lib/gcc/avr/4.9.2/../../../avr/lib/avr51/libm.a(fp_round.o)
 .text          0x00000000000000d6        0x0 /usr/lib/gcc/avr/4.9.2/../../../avr/lib/avr51/libm.a(fp_split3.o)
 .text          0x00000000000000d6        0x0 /usr/lib/gcc/avr/4.9.2/../../../avr/lib/avr51/libm.a(fp_zero.o)
 .text          0x00000000000000d6        0x0 /usr/lib/gcc/avr/4.9.2/../../../avr/lib/avr51/libm.a(gesf2.o)
 .text          0x00000000000000d6        0x0 /usr/lib/gcc/avr/4.9.2/../../../avr/lib/avr51/libm.a(mulsf3.o)
 .text          0x00000000000000d6        0x0 /usr/lib/gcc/avr/4.9.2/../../../avr/lib/avr51/libm.a(mulsf3x.o)
 .text          0x00000000000000d6        0x0 /usr/lib/gcc/avr/4.9.2/../../../avr/lib/avr51/libc.a(calloc.o)
 .text          0x00000000000000d6        0x0 /usr/lib/gcc/avr/4.9.2/../../../avr/lib/avr51/libc.a(malloc.o)
 .text          0x00000000000000d6        0x0 /usr/lib/gcc/avr/4.9.2/../../../avr/lib/avr51/libc.a(memset.o)
                0x00000000000000d6                . = ALIGN (0x2)
 *(.text.*)
 .text.__vector_10
                0x00000000000000d6       0x76 ./src/actuators.o
                0x00000000000000d6                __vector_10
 .text.servo_init
                0x000000000000014c       0xfa ./src/actuators.o
                0x000000000000014c                servo_init
 .text.servo_set_duty_cycle_one
                0x0000000000000246       0xc8 ./src/actuators.o
 .text.servo_set_duty_cycle_two
                0x000000000000030e       0xc8 ./src/actuators.o
 .text.servo_set_duty_cycle_three
                0x00000000000003d6       0xc8 ./src/actuators.o
 .text.klip_servo
                0x000000000000049e       0x8c ./src/actuators.o
                0x000000000000049e                klip_servo
 .text.actuator_setup
                0x000000000000052a       0x1a ./src/actuators.o
                0x000000000000052a                actuator_setup
 .text.ball_grabbers
                0x0000000000000544      0x12c ./src/actuators.o
                0x0000000000000544                ball_grabbers
 .text.dispenser
                0x0000000000000670      0x12c ./src/actuators.o
                0x0000000000000670                dispenser
 .text.mosfet   0x000000000000079c      0x12c ./src/actuators.o
                0x000000000000079c                mosfet
 .text.pumps    0x00000000000008c8       0x40 ./src/actuators.o
                0x00000000000008c8                pumps
 .text.klip     0x0000000000000908       0x40 ./src/actuators.o
                0x0000000000000908                klip
 .text.trig_pulse
                0x0000000000000948      0x754 ./src/actuators.o
 .text.distance_sensor
                0x000000000000109c      0x198 ./src/actuators.o
                0x000000000000109c                distance_sensor
 .text.blueside
                0x0000000000001234      0x15a ./src/blueside.o
                0x0000000000001234                blueside
 .text.__vector_18
                0x000000000000138e      0x1c4 ./src/can.o
                0x000000000000138e                __vector_18
 .text.CAN_InitModule
                0x0000000000001552       0xf6 ./src/can.o
 .text.CAN_InitRxMob
                0x0000000000001648      0x106 ./src/can.o
 .text.CAN_Init
                0x000000000000174e       0x8e ./src/can.o
                0x000000000000174e                CAN_Init
 .text.CAN_CheckRX
                0x00000000000017dc       0x24 ./src/can.o
                0x00000000000017dc                CAN_CheckRX
 .text.CAN_Read
                0x0000000000001800       0xea ./src/can.o
                0x0000000000001800                CAN_Read
 .text.CAN_Write
                0x00000000000018ea      0x114 ./src/can.o
                0x00000000000018ea                CAN_Write
 .text.__list_add
                0x00000000000019fe       0x64 ./src/gpio.o
 .text.list_add
                0x0000000000001a62       0x3a ./src/gpio.o
 .text.gpio_register_pin
                0x0000000000001a9c      0x220 ./src/gpio.o
                0x0000000000001a9c                gpio_register_pin
 .text.gpio_write_pin
                0x0000000000001cbc       0xf6 ./src/gpio.o
                0x0000000000001cbc                gpio_write_pin
 .text.__gpio_read_pin
                0x0000000000001db2       0x62 ./src/gpio.o
 .text.gpio_read_pin
                0x0000000000001e14       0xfa ./src/gpio.o
                0x0000000000001e14                gpio_read_pin
 .text.gpio_debouncer
                0x0000000000001f0e       0xa6 ./src/gpio.o
                0x0000000000001f0e                gpio_debouncer
 .text.odometry_set_speed
                0x0000000000001fb4      0x138 ./src/odometry.o
                0x0000000000001fb4                odometry_set_speed
 .text.odometry_query_position
                0x00000000000020ec      0x184 ./src/odometry.o
                0x00000000000020ec                odometry_query_position
 .text.odometry_wait_until_done
                0x0000000000002270       0x6e ./src/odometry.o
 .text.odometry_stop
                0x00000000000022de      0x13a ./src/odometry.o
                0x00000000000022de                odometry_stop
 .text.odometry_move_straight
                0x0000000000002418      0x148 ./src/odometry.o
                0x0000000000002418                odometry_move_straight
 .text.odometry_move_to_position
                0x0000000000002560      0x17c ./src/odometry.o
                0x0000000000002560                odometry_move_to_position
 .text.odometry_set_position
                0x00000000000026dc      0x1b4 ./src/odometry.o
                0x00000000000026dc                odometry_set_position
 .text.odometry_rotate_for
                0x0000000000002890      0x146 ./src/odometry.o
                0x0000000000002890                odometry_rotate_for
 .text.odometry_set_angle
                0x00000000000029d6      0x146 ./src/odometry.o
                0x00000000000029d6                odometry_set_angle
 .text.odometry_kurva
                0x0000000000002b1c      0x180 ./src/odometry.o
                0x0000000000002b1c                odometry_kurva
 .text.getState
                0x0000000000002c9c       0x12 ./src/odometry.o
                0x0000000000002c9c                getState
 .text.odometry_get_x
                0x0000000000002cae       0x16 ./src/odometry.o
                0x0000000000002cae                odometry_get_x
 .text.odometry_get_y
                0x0000000000002cc4       0x16 ./src/odometry.o
                0x0000000000002cc4                odometry_get_y
 .text.odometry_get_angle
                0x0000000000002cda       0x16 ./src/odometry.o
                0x0000000000002cda                odometry_get_angle
 .text.timer_register_callback
                0x0000000000002cf0       0x24 ./src/system.o
                0x0000000000002cf0                timer_register_callback
 .text.timer_init
                0x0000000000002d14       0xa2 ./src/system.o
                0x0000000000002d14                timer_init
 .text.__vector_12
                0x0000000000002db6       0xc8 ./src/system.o
                0x0000000000002db6                __vector_12
 .text.sides_switch_check
                0x0000000000002e7e       0x1e ./src/system.o
                0x0000000000002e7e                sides_switch_check
 .text.tactic_switch_check
                0x0000000000002e9c       0x1e ./src/system.o
                0x0000000000002e9c                tactic_switch_check
 .text.klip_switch_check
                0x0000000000002eba       0x1e ./src/system.o
                0x0000000000002eba                klip_switch_check
 .text.system_reset_system_time
                0x0000000000002ed8       0x1e ./src/system.o
                0x0000000000002ed8                system_reset_system_time
 .text.system_set_match_started
                0x0000000000002ef6       0x14 ./src/system.o
                0x0000000000002ef6                system_set_match_started
 .text.system_get_system_time
                0x0000000000002f0a       0x22 ./src/system.o
                0x0000000000002f0a                system_get_system_time
 .text.system_get_match_started
                0x0000000000002f2c       0x12 ./src/system.o
                0x0000000000002f2c                system_get_match_started
 .text.return_active_state
                0x0000000000002f3e       0x16 ./src/system.o
                0x0000000000002f3e                return_active_state
 .text.leds     0x0000000000002f54       0x2e ./src/system.o
                0x0000000000002f54                leds
 .text.system_init
                0x0000000000002f82      0x27a ./src/system.o
                0x0000000000002f82                system_init
 .text.check_sensor
                0x00000000000031fc       0xca ./src/system.o
                0x00000000000031fc                check_sensor
 .text.UART0_Init
                0x00000000000032c6      0x100 ./src/uart.o
                0x00000000000032c6                UART0_Init
 .text.__vector_23
                0x00000000000033c6       0x84 ./src/uart.o
                0x00000000000033c6                __vector_23
 .text.UART0_Write
                0x000000000000344a       0x9c ./src/uart.o
                0x000000000000344a                UART0_Write
 .text.__vector_21
                0x00000000000034e6       0x98 ./src/uart.o
                0x00000000000034e6                __vector_21
 .text.UART0_Read
                0x000000000000357e       0x8e ./src/uart.o
                0x000000000000357e                UART0_Read
 .text.initUart1
                0x000000000000360c      0x100 ./src/uart.o
                0x000000000000360c                initUart1
 .text.__vector_34
                0x000000000000370c       0x84 ./src/uart.o
                0x000000000000370c                __vector_34
 .text.__vector_32
                0x0000000000003790       0x98 ./src/uart.o
                0x0000000000003790                __vector_32
 .text.altUart0Write
                0x0000000000003828       0x34 ./src/uart.o
                0x0000000000003828                altUart0Write
 .text.altUart1Write
                0x000000000000385c       0x34 ./src/uart.o
                0x000000000000385c                altUart1Write
 .text.UART1_Write
                0x0000000000003890       0x9c ./src/uart.o
                0x0000000000003890                UART1_Write
 .text.UART1_Read
                0x000000000000392c       0x8e ./src/uart.o
                0x000000000000392c                UART1_Read
 .text.yellowside
                0x00000000000039ba      0x166 ./src/yellowside.o
                0x00000000000039ba                yellowside
 .text.main     0x0000000000003b20      0x116 ./main.o
                0x0000000000003b20                main
 .text.libgcc.mul
                0x0000000000003c36        0x0 /usr/lib/gcc/avr/4.9.2/avr51/libgcc.a(_udivmodsi4.o)
 .text.libgcc.div
                0x0000000000003c36       0x44 /usr/lib/gcc/avr/4.9.2/avr51/libgcc.a(_udivmodsi4.o)
                0x0000000000003c36                __udivmodsi4
 .text.libgcc   0x0000000000003c7a        0x0 /usr/lib/gcc/avr/4.9.2/avr51/libgcc.a(_udivmodsi4.o)
 .text.libgcc.prologue
                0x0000000000003c7a        0x0 /usr/lib/gcc/avr/4.9.2/avr51/libgcc.a(_udivmodsi4.o)
 .text.libgcc.builtins
                0x0000000000003c7a        0x0 /usr/lib/gcc/avr/4.9.2/avr51/libgcc.a(_udivmodsi4.o)
 .text.libgcc.fmul
                0x0000000000003c7a        0x0 /usr/lib/gcc/avr/4.9.2/avr51/libgcc.a(_udivmodsi4.o)
 .text.libgcc.fixed
                0x0000000000003c7a        0x0 /usr/lib/gcc/avr/4.9.2/avr51/libgcc.a(_udivmodsi4.o)
 .text.libgcc.mul
                0x0000000000003c7a        0x0 /usr/lib/gcc/avr/4.9.2/avr51/libgcc.a(_exit.o)
 .text.libgcc.div
                0x0000000000003c7a        0x0 /usr/lib/gcc/avr/4.9.2/avr51/libgcc.a(_exit.o)
 .text.libgcc   0x0000000000003c7a        0x0 /usr/lib/gcc/avr/4.9.2/avr51/libgcc.a(_exit.o)
 .text.libgcc.prologue
                0x0000000000003c7a        0x0 /usr/lib/gcc/avr/4.9.2/avr51/libgcc.a(_exit.o)
 .text.libgcc.builtins
                0x0000000000003c7a        0x0 /usr/lib/gcc/avr/4.9.2/avr51/libgcc.a(_exit.o)
 .text.libgcc.fmul
                0x0000000000003c7a        0x0 /usr/lib/gcc/avr/4.9.2/avr51/libgcc.a(_exit.o)
 .text.libgcc.fixed
                0x0000000000003c7a        0x0 /usr/lib/gcc/avr/4.9.2/avr51/libgcc.a(_exit.o)
 .text.libgcc.mul
                0x0000000000003c7a        0x0 /usr/lib/gcc/avr/4.9.2/avr51/libgcc.a(_copy_data.o)
 .text.libgcc.div
                0x0000000000003c7a        0x0 /usr/lib/gcc/avr/4.9.2/avr51/libgcc.a(_copy_data.o)
 .text.libgcc   0x0000000000003c7a        0x0 /usr/lib/gcc/avr/4.9.2/avr51/libgcc.a(_copy_data.o)
 .text.libgcc.prologue
                0x0000000000003c7a        0x0 /usr/lib/gcc/avr/4.9.2/avr51/libgcc.a(_copy_data.o)
 .text.libgcc.builtins
                0x0000000000003c7a        0x0 /usr/lib/gcc/avr/4.9.2/avr51/libgcc.a(_copy_data.o)
 .text.libgcc.fmul
                0x0000000000003c7a        0x0 /usr/lib/gcc/avr/4.9.2/avr51/libgcc.a(_copy_data.o)
 .text.libgcc.fixed
                0x0000000000003c7a        0x0 /usr/lib/gcc/avr/4.9.2/avr51/libgcc.a(_copy_data.o)
 .text.libgcc.mul
                0x0000000000003c7a        0x0 /usr/lib/gcc/avr/4.9.2/avr51/libgcc.a(_clear_bss.o)
 .text.libgcc.div
                0x0000000000003c7a        0x0 /usr/lib/gcc/avr/4.9.2/avr51/libgcc.a(_clear_bss.o)
 .text.libgcc   0x0000000000003c7a        0x0 /usr/lib/gcc/avr/4.9.2/avr51/libgcc.a(_clear_bss.o)
 .text.libgcc.prologue
                0x0000000000003c7a        0x0 /usr/lib/gcc/avr/4.9.2/avr51/libgcc.a(_clear_bss.o)
 .text.libgcc.builtins
                0x0000000000003c7a        0x0 /usr/lib/gcc/avr/4.9.2/avr51/libgcc.a(_clear_bss.o)
 .text.libgcc.fmul
                0x0000000000003c7a        0x0 /usr/lib/gcc/avr/4.9.2/avr51/libgcc.a(_clear_bss.o)
 .text.libgcc.fixed
                0x0000000000003c7a        0x0 /usr/lib/gcc/avr/4.9.2/avr51/libgcc.a(_clear_bss.o)
 .text.libgcc.mul
                0x0000000000003c7a       0x16 /usr/lib/gcc/avr/4.9.2/avr51/libgcc.a(_muluhisi3.o)
                0x0000000000003c7a                __muluhisi3
 .text.libgcc.div
                0x0000000000003c90        0x0 /usr/lib/gcc/avr/4.9.2/avr51/libgcc.a(_muluhisi3.o)
 .text.libgcc   0x0000000000003c90        0x0 /usr/lib/gcc/avr/4.9.2/avr51/libgcc.a(_muluhisi3.o)
 .text.libgcc.prologue
                0x0000000000003c90        0x0 /usr/lib/gcc/avr/4.9.2/avr51/libgcc.a(_muluhisi3.o)
 .text.libgcc.builtins
                0x0000000000003c90        0x0 /usr/lib/gcc/avr/4.9.2/avr51/libgcc.a(_muluhisi3.o)
 .text.libgcc.fmul
                0x0000000000003c90        0x0 /usr/lib/gcc/avr/4.9.2/avr51/libgcc.a(_muluhisi3.o)
 .text.libgcc.fixed
                0x0000000000003c90        0x0 /usr/lib/gcc/avr/4.9.2/avr51/libgcc.a(_muluhisi3.o)
 .text.libgcc.mul
                0x0000000000003c90       0x1e /usr/lib/gcc/avr/4.9.2/avr51/libgcc.a(_umulhisi3.o)
                0x0000000000003c90                __umulhisi3
 .text.libgcc.div
                0x0000000000003cae        0x0 /usr/lib/gcc/avr/4.9.2/avr51/libgcc.a(_umulhisi3.o)
 .text.libgcc   0x0000000000003cae        0x0 /usr/lib/gcc/avr/4.9.2/avr51/libgcc.a(_umulhisi3.o)
 .text.libgcc.prologue
                0x0000000000003cae        0x0 /usr/lib/gcc/avr/4.9.2/avr51/libgcc.a(_umulhisi3.o)
 .text.libgcc.builtins
                0x0000000000003cae        0x0 /usr/lib/gcc/avr/4.9.2/avr51/libgcc.a(_umulhisi3.o)
 .text.libgcc.fmul
                0x0000000000003cae        0x0 /usr/lib/gcc/avr/4.9.2/avr51/libgcc.a(_umulhisi3.o)
 .text.libgcc.fixed
                0x0000000000003cae        0x0 /usr/lib/gcc/avr/4.9.2/avr51/libgcc.a(_umulhisi3.o)
 .text.avr-libc.fplib
                0x0000000000003cae        0xe /usr/lib/gcc/avr/4.9.2/../../../avr/lib/avr51/libm.a(addsf3.o)
                0x0000000000003cae                __subsf3
                0x0000000000003cb0                __addsf3
 .text.avr-libc.fplib
                0x0000000000003cbc       0xcc /usr/lib/gcc/avr/4.9.2/../../../avr/lib/avr51/libm.a(addsf3x.o)
                0x0000000000003cde                __addsf3x
 .text.avr-libc.fplib
                0x0000000000003d88        0xa /usr/lib/gcc/avr/4.9.2/../../../avr/lib/avr51/libm.a(cmpsf2.o)
                0x0000000000003d88                __lesf2
                0x0000000000003d88                __nesf2
                0x0000000000003d88                __eqsf2
                0x0000000000003d88                __cmpsf2
                0x0000000000003d88                __ltsf2
 .text.avr-libc.fplib
                0x0000000000003d92        0x8 /usr/lib/gcc/avr/4.9.2/../../../avr/lib/avr51/libm.a(divsf3.o)
                0x0000000000003d92                __divsf3
 .text.avr-libc.fplib
                0x0000000000003d9a       0xdc /usr/lib/gcc/avr/4.9.2/../../../avr/lib/avr51/libm.a(divsf3x.o)
                0x0000000000003dba                __divsf3x
                0x0000000000003dc0                __divsf3_pse
 .text.avr-libc.fplib
                0x0000000000003e76        0xe /usr/lib/gcc/avr/4.9.2/../../../avr/lib/avr51/libm.a(fixsfsi.o)
                0x0000000000003e76                __fixsfsi
 .text.avr-libc.fplib
                0x0000000000003e84       0x5e /usr/lib/gcc/avr/4.9.2/../../../avr/lib/avr51/libm.a(fixunssfsi.o)
                0x0000000000003e84                __fixunssfsi
 .text.avr-libc.fplib
                0x0000000000003ee2       0x7a /usr/lib/gcc/avr/4.9.2/../../../avr/lib/avr51/libm.a(floatsisf.o)
                0x0000000000003ee2                __floatunsisf
                0x0000000000003ee6                __floatsisf
 .text.avr-libc.fplib
                0x0000000000003f5c       0x48 /usr/lib/gcc/avr/4.9.2/../../../avr/lib/avr51/libm.a(fp_cmp.o)
                0x0000000000003f5c                __fp_cmp
 .text.avr-libc.fplib
                0x0000000000003fa4        0xc /usr/lib/gcc/avr/4.9.2/../../../avr/lib/avr51/libm.a(fp_inf.o)
                0x0000000000003fa4                __fp_inf
 .text.avr-libc.fplib
                0x0000000000003fb0        0x6 /usr/lib/gcc/avr/4.9.2/../../../avr/lib/avr51/libm.a(fp_nan.o)
                0x0000000000003fb0                __fp_nan
 .text.avr-libc.fplib
                0x0000000000003fb6        0xe /usr/lib/gcc/avr/4.9.2/../../../avr/lib/avr51/libm.a(fp_pscA.o)
                0x0000000000003fb6                __fp_pscA
 .text.avr-libc.fplib
                0x0000000000003fc4        0xe /usr/lib/gcc/avr/4.9.2/../../../avr/lib/avr51/libm.a(fp_pscB.o)
                0x0000000000003fc4                __fp_pscB
 .text.avr-libc.fplib
                0x0000000000003fd2       0x22 /usr/lib/gcc/avr/4.9.2/../../../avr/lib/avr51/libm.a(fp_round.o)
                0x0000000000003fd2                __fp_round
 .text.avr-libc.fplib
                0x0000000000003ff4       0x44 /usr/lib/gcc/avr/4.9.2/../../../avr/lib/avr51/libm.a(fp_split3.o)
                0x0000000000003ff4                __fp_split3
                0x0000000000004004                __fp_splitA
 .text.avr-libc.fplib
                0x0000000000004038        0xe /usr/lib/gcc/avr/4.9.2/../../../avr/lib/avr51/libm.a(fp_zero.o)
                0x0000000000004038                __fp_zero
                0x000000000000403a                __fp_szero
 .text.avr-libc.fplib
                0x0000000000004046        0xa /usr/lib/gcc/avr/4.9.2/../../../avr/lib/avr51/libm.a(gesf2.o)
                0x0000000000004046                __gtsf2
                0x0000000000004046                __gesf2
 .text.avr-libc.fplib
                0x0000000000004050        0x8 /usr/lib/gcc/avr/4.9.2/../../../avr/lib/avr51/libm.a(mulsf3.o)
                0x0000000000004050                __mulsf3
 .text.avr-libc.fplib
                0x0000000000004058       0xd2 /usr/lib/gcc/avr/4.9.2/../../../avr/lib/avr51/libm.a(mulsf3x.o)
                0x0000000000004076                __mulsf3x
                0x000000000000407c                __mulsf3_pse
 .text.avr-libc
                0x000000000000412a       0x38 /usr/lib/gcc/avr/4.9.2/../../../avr/lib/avr51/libc.a(calloc.o)
                0x000000000000412a                calloc
 .text.avr-libc
                0x0000000000004162      0x25a /usr/lib/gcc/avr/4.9.2/../../../avr/lib/avr51/libc.a(malloc.o)
                0x0000000000004162                malloc
                0x000000000000428c                free
 .text.avr-libc
                0x00000000000043bc        0xe /usr/lib/gcc/avr/4.9.2/../../../avr/lib/avr51/libc.a(memset.o)
                0x00000000000043bc                memset
                0x00000000000043ca                . = ALIGN (0x2)
 *(.fini9)
 .fini9         0x00000000000043ca        0x0 /usr/lib/gcc/avr/4.9.2/avr51/libgcc.a(_exit.o)
                0x00000000000043ca                exit
                0x00000000000043ca                _exit
 *(.fini9)
 *(.fini8)
 *(.fini8)
 *(.fini7)
 *(.fini7)
 *(.fini6)
 *(.fini6)
 *(.fini5)
 *(.fini5)
 *(.fini4)
 *(.fini4)
 *(.fini3)
 *(.fini3)
 *(.fini2)
 *(.fini2)
 *(.fini1)
 *(.fini1)
 *(.fini0)
 .fini0         0x00000000000043ca        0x4 /usr/lib/gcc/avr/4.9.2/avr51/libgcc.a(_exit.o)
 *(.fini0)
                0x00000000000043ce                _etext = .

.data           0x0000000000800100       0x6a load address 0x00000000000043ce
                0x0000000000800100                PROVIDE (__data_start, .)
 *(.data)
 .data          0x0000000000800100        0x0 /usr/lib/gcc/avr/4.9.2/../../../avr/lib/avr51/crtat90can128.o
 .data          0x0000000000800100        0x0 ./src/actuators.o
 .data          0x0000000000800100        0x0 ./src/blueside.o
 .data          0x0000000000800100        0x0 ./src/can.o
 .data          0x0000000000800100        0x0 ./src/gpio.o
 .data          0x0000000000800100        0x0 ./src/odometry.o
 .data          0x0000000000800100        0x0 ./src/system.o
 .data          0x0000000000800100        0x0 ./src/uart.o
 .data          0x0000000000800100        0x0 ./src/yellowside.o
 .data          0x0000000000800100        0x0 ./main.o
 .data          0x0000000000800100        0x0 /usr/lib/gcc/avr/4.9.2/avr51/libgcc.a(_udivmodsi4.o)
 .data          0x0000000000800100        0x0 /usr/lib/gcc/avr/4.9.2/avr51/libgcc.a(_exit.o)
 .data          0x0000000000800100        0x0 /usr/lib/gcc/avr/4.9.2/avr51/libgcc.a(_copy_data.o)
 .data          0x0000000000800100        0x0 /usr/lib/gcc/avr/4.9.2/avr51/libgcc.a(_clear_bss.o)
 .data          0x0000000000800100        0x0 /usr/lib/gcc/avr/4.9.2/avr51/libgcc.a(_muluhisi3.o)
 .data          0x0000000000800100        0x0 /usr/lib/gcc/avr/4.9.2/avr51/libgcc.a(_umulhisi3.o)
 .data          0x0000000000800100        0x0 /usr/lib/gcc/avr/4.9.2/../../../avr/lib/avr51/libm.a(addsf3.o)
 .data          0x0000000000800100        0x0 /usr/lib/gcc/avr/4.9.2/../../../avr/lib/avr51/libm.a(addsf3x.o)
 .data          0x0000000000800100        0x0 /usr/lib/gcc/avr/4.9.2/../../../avr/lib/avr51/libm.a(cmpsf2.o)
 .data          0x0000000000800100        0x0 /usr/lib/gcc/avr/4.9.2/../../../avr/lib/avr51/libm.a(divsf3.o)
 .data          0x0000000000800100        0x0 /usr/lib/gcc/avr/4.9.2/../../../avr/lib/avr51/libm.a(divsf3x.o)
 .data          0x0000000000800100        0x0 /usr/lib/gcc/avr/4.9.2/../../../avr/lib/avr51/libm.a(fixsfsi.o)
 .data          0x0000000000800100        0x0 /usr/lib/gcc/avr/4.9.2/../../../avr/lib/avr51/libm.a(fixunssfsi.o)
 .data          0x0000000000800100        0x0 /usr/lib/gcc/avr/4.9.2/../../../avr/lib/avr51/libm.a(floatsisf.o)
 .data          0x0000000000800100        0x0 /usr/lib/gcc/avr/4.9.2/../../../avr/lib/avr51/libm.a(fp_cmp.o)
 .data          0x0000000000800100        0x0 /usr/lib/gcc/avr/4.9.2/../../../avr/lib/avr51/libm.a(fp_inf.o)
 .data          0x0000000000800100        0x0 /usr/lib/gcc/avr/4.9.2/../../../avr/lib/avr51/libm.a(fp_nan.o)
 .data          0x0000000000800100        0x0 /usr/lib/gcc/avr/4.9.2/../../../avr/lib/avr51/libm.a(fp_pscA.o)
 .data          0x0000000000800100        0x0 /usr/lib/gcc/avr/4.9.2/../../../avr/lib/avr51/libm.a(fp_pscB.o)
 .data          0x0000000000800100        0x0 /usr/lib/gcc/avr/4.9.2/../../../avr/lib/avr51/libm.a(fp_round.o)
 .data          0x0000000000800100        0x0 /usr/lib/gcc/avr/4.9.2/../../../avr/lib/avr51/libm.a(fp_split3.o)
 .data          0x0000000000800100        0x0 /usr/lib/gcc/avr/4.9.2/../../../avr/lib/avr51/libm.a(fp_zero.o)
 .data          0x0000000000800100        0x0 /usr/lib/gcc/avr/4.9.2/../../../avr/lib/avr51/libm.a(gesf2.o)
 .data          0x0000000000800100        0x0 /usr/lib/gcc/avr/4.9.2/../../../avr/lib/avr51/libm.a(mulsf3.o)
 .data          0x0000000000800100        0x0 /usr/lib/gcc/avr/4.9.2/../../../avr/lib/avr51/libm.a(mulsf3x.o)
 .data          0x0000000000800100        0x0 /usr/lib/gcc/avr/4.9.2/../../../avr/lib/avr51/libc.a(calloc.o)
 .data          0x0000000000800100        0x6 /usr/lib/gcc/avr/4.9.2/../../../avr/lib/avr51/libc.a(malloc.o)
                0x0000000000800100                __malloc_heap_end
                0x0000000000800102                __malloc_heap_start
                0x0000000000800104                __malloc_margin
 .data          0x0000000000800106        0x0 /usr/lib/gcc/avr/4.9.2/../../../avr/lib/avr51/libc.a(memset.o)
 *(.data*)
 .data.gpio_inputs
                0x0000000000800106        0x4 ./src/gpio.o
                0x0000000000800106                gpio_inputs
 .data.position
                0x000000000080010a        0x7 ./src/odometry.o
                0x000000000080010a                position
 *(.rodata)
 *(.rodata*)
 .rodata.blue_tactic_side_positions
                0x0000000000800111       0x21 ./src/blueside.o
                0x0000000000800111                blue_tactic_side_positions
 .rodata.blue_tactic_center_positions
                0x0000000000800132        0xb ./src/blueside.o
                0x0000000000800132                blue_tactic_center_positions
 .rodata.yellow_tactic_side_positions
                0x000000000080013d       0x21 ./src/yellowside.o
                0x000000000080013d                yellow_tactic_side_positions
 .rodata.yellow_tactic_center_positions
                0x000000000080015e        0xb ./src/yellowside.o
                0x000000000080015e                yellow_tactic_center_positions
 *(.gnu.linkonce.d*)
                0x000000000080016a                . = ALIGN (0x2)
 *fill*         0x0000000000800169        0x1 
                0x000000000080016a                _edata = .
                0x000000000080016a                PROVIDE (__data_end, .)

.bss            0x000000000080016a      0x160
                0x000000000080016a                PROVIDE (__bss_start, .)
 *(.bss)
 .bss           0x000000000080016a        0x0 /usr/lib/gcc/avr/4.9.2/../../../avr/lib/avr51/crtat90can128.o
 .bss           0x000000000080016a        0x0 ./src/actuators.o
 .bss           0x000000000080016a        0x0 ./src/blueside.o
 .bss           0x000000000080016a        0x0 ./src/can.o
 .bss           0x000000000080016a        0x0 ./src/gpio.o
 .bss           0x000000000080016a        0x0 ./src/odometry.o
 .bss           0x000000000080016a        0x0 ./src/system.o
 .bss           0x000000000080016a        0x0 ./src/uart.o
 .bss           0x000000000080016a        0x0 ./src/yellowside.o
 .bss           0x000000000080016a        0x0 ./main.o
 .bss           0x000000000080016a        0x0 /usr/lib/gcc/avr/4.9.2/avr51/libgcc.a(_udivmodsi4.o)
 .bss           0x000000000080016a        0x0 /usr/lib/gcc/avr/4.9.2/avr51/libgcc.a(_exit.o)
 .bss           0x000000000080016a        0x0 /usr/lib/gcc/avr/4.9.2/avr51/libgcc.a(_copy_data.o)
 .bss           0x000000000080016a        0x0 /usr/lib/gcc/avr/4.9.2/avr51/libgcc.a(_clear_bss.o)
 .bss           0x000000000080016a        0x0 /usr/lib/gcc/avr/4.9.2/avr51/libgcc.a(_muluhisi3.o)
 .bss           0x000000000080016a        0x0 /usr/lib/gcc/avr/4.9.2/avr51/libgcc.a(_umulhisi3.o)
 .bss           0x000000000080016a        0x0 /usr/lib/gcc/avr/4.9.2/../../../avr/lib/avr51/libm.a(addsf3.o)
 .bss           0x000000000080016a        0x0 /usr/lib/gcc/avr/4.9.2/../../../avr/lib/avr51/libm.a(addsf3x.o)
 .bss           0x000000000080016a        0x0 /usr/lib/gcc/avr/4.9.2/../../../avr/lib/avr51/libm.a(cmpsf2.o)
 .bss           0x000000000080016a        0x0 /usr/lib/gcc/avr/4.9.2/../../../avr/lib/avr51/libm.a(divsf3.o)
 .bss           0x000000000080016a        0x0 /usr/lib/gcc/avr/4.9.2/../../../avr/lib/avr51/libm.a(divsf3x.o)
 .bss           0x000000000080016a        0x0 /usr/lib/gcc/avr/4.9.2/../../../avr/lib/avr51/libm.a(fixsfsi.o)
 .bss           0x000000000080016a        0x0 /usr/lib/gcc/avr/4.9.2/../../../avr/lib/avr51/libm.a(fixunssfsi.o)
 .bss           0x000000000080016a        0x0 /usr/lib/gcc/avr/4.9.2/../../../avr/lib/avr51/libm.a(floatsisf.o)
 .bss           0x000000000080016a        0x0 /usr/lib/gcc/avr/4.9.2/../../../avr/lib/avr51/libm.a(fp_cmp.o)
 .bss           0x000000000080016a        0x0 /usr/lib/gcc/avr/4.9.2/../../../avr/lib/avr51/libm.a(fp_inf.o)
 .bss           0x000000000080016a        0x0 /usr/lib/gcc/avr/4.9.2/../../../avr/lib/avr51/libm.a(fp_nan.o)
 .bss           0x000000000080016a        0x0 /usr/lib/gcc/avr/4.9.2/../../../avr/lib/avr51/libm.a(fp_pscA.o)
 .bss           0x000000000080016a        0x0 /usr/lib/gcc/avr/4.9.2/../../../avr/lib/avr51/libm.a(fp_pscB.o)
 .bss           0x000000000080016a        0x0 /usr/lib/gcc/avr/4.9.2/../../../avr/lib/avr51/libm.a(fp_round.o)
 .bss           0x000000000080016a        0x0 /usr/lib/gcc/avr/4.9.2/../../../avr/lib/avr51/libm.a(fp_split3.o)
 .bss           0x000000000080016a        0x0 /usr/lib/gcc/avr/4.9.2/../../../avr/lib/avr51/libm.a(fp_zero.o)
 .bss           0x000000000080016a        0x0 /usr/lib/gcc/avr/4.9.2/../../../avr/lib/avr51/libm.a(gesf2.o)
 .bss           0x000000000080016a        0x0 /usr/lib/gcc/avr/4.9.2/../../../avr/lib/avr51/libm.a(mulsf3.o)
 .bss           0x000000000080016a        0x0 /usr/lib/gcc/avr/4.9.2/../../../avr/lib/avr51/libm.a(mulsf3x.o)
 .bss           0x000000000080016a        0x0 /usr/lib/gcc/avr/4.9.2/../../../avr/lib/avr51/libc.a(calloc.o)
 .bss           0x000000000080016a        0x0 /usr/lib/gcc/avr/4.9.2/../../../avr/lib/avr51/libc.a(malloc.o)
 .bss           0x000000000080016a        0x0 /usr/lib/gcc/avr/4.9.2/../../../avr/lib/avr51/libc.a(memset.o)
 *(.bss*)
 .bss.dist_overflow_counter
                0x000000000080016a        0x4 ./src/actuators.o
                0x000000000080016a                dist_overflow_counter
 .bss.dist_trig_counter
                0x000000000080016e        0x4 ./src/actuators.o
                0x000000000080016e                dist_trig_counter
 .bss.dist_num_of_ticks
                0x0000000000800172        0x4 ./src/actuators.o
                0x0000000000800172                dist_num_of_ticks
 .bss.rxBuffers
                0x0000000000800176       0x14 ./src/can.o
 .bss.rxWrIndex
                0x000000000080018a        0xa ./src/can.o
 .bss.rxRdIndex
                0x0000000000800194        0xa ./src/can.o
 .bss.rxCounter
                0x000000000080019e        0xa ./src/can.o
 .bss.test      0x00000000008001a8        0x2 ./src/gpio.o
                0x00000000008001a8                test
 .bss.count.1762
                0x00000000008001aa        0x2 ./src/gpio.o
 .bss.current_speed
                0x00000000008001ac        0x1 ./src/odometry.o
 .bss.sys_time  0x00000000008001ad        0x4 ./src/system.o
 .bss.match_started
                0x00000000008001b1        0x1 ./src/system.o
 .bss.timer_callback
                0x00000000008001b2        0x2 ./src/system.o
 .bss.received  0x00000000008001b4        0x2 ./src/system.o
                0x00000000008001b4                received
 .bss.tx0_buffer
                0x00000000008001b6       0x40 ./src/uart.o
 .bss.tx0_wr_index
                0x00000000008001f6        0x1 ./src/uart.o
 .bss.tx0_counter
                0x00000000008001f7        0x1 ./src/uart.o
 .bss.tx0_rd_index
                0x00000000008001f8        0x1 ./src/uart.o
 .bss.rx0_buffer
                0x00000000008001f9       0x40 ./src/uart.o
 .bss.rx0_wr_index
                0x0000000000800239        0x1 ./src/uart.o
 .bss.rx0_counter
                0x000000000080023a        0x1 ./src/uart.o
 .bss.rx0_rd_index
                0x000000000080023b        0x1 ./src/uart.o
 .bss.tx1_buffer
                0x000000000080023c       0x40 ./src/uart.o
 .bss.tx1_wr_index
                0x000000000080027c        0x1 ./src/uart.o
 .bss.tx1_counter
                0x000000000080027d        0x1 ./src/uart.o
 .bss.tx1_rd_index
                0x000000000080027e        0x1 ./src/uart.o
 .bss.rx1_buffer
                0x000000000080027f       0x40 ./src/uart.o
 .bss.rx1_wr_index
                0x00000000008002bf        0x1 ./src/uart.o
 .bss.rx1_counter
                0x00000000008002c0        0x1 ./src/uart.o
 .bss.rx1_rd_index
                0x00000000008002c1        0x1 ./src/uart.o
 *(COMMON)
 COMMON         0x00000000008002c2        0x4 ./src/actuators.o
                0x00000000008002c2                restartCheck
                0x00000000008002c3                active_state
                0x00000000008002c5                stateRobot
 COMMON         0x00000000008002c6        0x4 /usr/lib/gcc/avr/4.9.2/../../../avr/lib/avr51/libc.a(malloc.o)
                0x00000000008002c6                __brkval
                0x00000000008002c8                __flp
                0x00000000008002ca                PROVIDE (__bss_end, .)
                0x00000000000043ce                __data_load_start = LOADADDR (.data)
                0x0000000000004438                __data_load_end = (__data_load_start + SIZEOF (.data))

.noinit         0x00000000008002ca        0x0
                0x00000000008002ca                PROVIDE (__noinit_start, .)
 *(.noinit*)
                0x00000000008002ca                PROVIDE (__noinit_end, .)
                0x00000000008002ca                _end = .
                0x00000000008002ca                PROVIDE (__heap_start, .)

.eeprom         0x0000000000810000        0x0
 *(.eeprom*)
                0x0000000000810000                __eeprom_end = .

.fuse
 *(.fuse)
 *(.lfuse)
 *(.hfuse)
 *(.efuse)

.lock
 *(.lock*)

.signature
 *(.signature*)

.user_signatures
 *(.user_signatures*)

.stab           0x0000000000000000     0x5be0
 *(.stab)
 .stab          0x0000000000000000     0x123c ./src/actuators.o
 .stab          0x000000000000123c      0x4e0 ./src/blueside.o
                                        0x6fc (size before relaxing)
 .stab          0x000000000000171c      0xb1c ./src/can.o
                                        0xd14 (size before relaxing)
 .stab          0x0000000000002238      0x99c ./src/gpio.o
                                        0xbb8 (size before relaxing)
 .stab          0x0000000000002bd4     0x11f4 ./src/odometry.o
                                       0x1428 (size before relaxing)
 .stab          0x0000000000003dc8      0xa98 ./src/system.o
                                        0xd2c (size before relaxing)
 .stab          0x0000000000004860      0xab0 ./src/uart.o
                                        0xc78 (size before relaxing)
 .stab          0x0000000000005310      0x4a4 ./src/yellowside.o
                                        0x6fc (size before relaxing)
 .stab          0x00000000000057b4      0x42c ./main.o
                                        0x684 (size before relaxing)

.stabstr        0x0000000000000000     0x205b
 *(.stabstr)
 .stabstr       0x0000000000000000     0x205b ./src/actuators.o

.stab.excl
 *(.stab.excl)

.stab.exclstr
 *(.stab.exclstr)

.stab.index
 *(.stab.index)

.stab.indexstr
 *(.stab.indexstr)

.comment        0x0000000000000000       0x11
 *(.comment)
 .comment       0x0000000000000000       0x11 ./src/actuators.o
                                         0x12 (size before relaxing)
 .comment       0x0000000000000011       0x12 ./src/blueside.o
 .comment       0x0000000000000011       0x12 ./src/can.o
 .comment       0x0000000000000011       0x12 ./src/gpio.o
 .comment       0x0000000000000011       0x12 ./src/odometry.o
 .comment       0x0000000000000011       0x12 ./src/system.o
 .comment       0x0000000000000011       0x12 ./src/uart.o
 .comment       0x0000000000000011       0x12 ./src/yellowside.o
 .comment       0x0000000000000011       0x12 ./main.o
 .comment       0x0000000000000011       0x12 /usr/lib/gcc/avr/4.9.2/../../../avr/lib/avr51/libc.a(calloc.o)
 .comment       0x0000000000000011       0x12 /usr/lib/gcc/avr/4.9.2/../../../avr/lib/avr51/libc.a(malloc.o)

.note.gnu.avr.deviceinfo
                0x0000000000000000       0x40
 .note.gnu.avr.deviceinfo
                0x0000000000000000       0x40 /usr/lib/gcc/avr/4.9.2/../../../avr/lib/avr51/crtat90can128.o

.note.gnu.build-id
 *(.note.gnu.build-id)

.debug
 *(.debug)

.line
 *(.line)

.debug_srcinfo
 *(.debug_srcinfo)

.debug_sfnames
 *(.debug_sfnames)

.debug_aranges
 *(.debug_aranges)

.debug_pubnames
 *(.debug_pubnames)

.debug_info
 *(.debug_info .gnu.linkonce.wi.*)

.debug_abbrev
 *(.debug_abbrev)

.debug_line
 *(.debug_line .debug_line.* .debug_line_end)

.debug_frame
 *(.debug_frame)

.debug_str
 *(.debug_str)

.debug_loc
 *(.debug_loc)

.debug_macinfo
 *(.debug_macinfo)

.debug_weaknames
 *(.debug_weaknames)

.debug_funcnames
 *(.debug_funcnames)

.debug_typenames
 *(.debug_typenames)

.debug_varnames
 *(.debug_varnames)

.debug_pubtypes
 *(.debug_pubtypes)

.debug_ranges
 *(.debug_ranges)

.debug_macro
 *(.debug_macro)
OUTPUT(Back2Reality.elf elf32-avr)
LOAD linker stubs
